org.freedesktop.ContextKit.contextd2org.freedesktop.ContextKit.contextd1